// Jest Snapshot v1, https://goo.gl/fbAQLP

exports[`Missions Component Missions snapshot test 1`] = `
<div>
  <div
    className="bg-container p-0 container"
  >
    <table
      className="table table-striped table-bordered table-hover"
    >
      <thead>
        <tr>
          <th>
            Mission
          </th>
          <th>
            Description
          </th>
          <th>
            Status
          </th>
          <th>
              
          </th>
        </tr>
      </thead>
      <tbody />
    </table>
  </div>
</div>
`;
